// Jest Snapshot v1, https://goo.gl/fbAQLP

exports[`Plant component should match snapshot 1`] = `
<section
  className="plant-info"
>
  <Link
    to="/plant/1"
  >
    <img
      alt="Aloe"
      src="image link"
    />
    <div
      className="plant-name"
    >
      <div>
        <p>
          Aloe
        </p>
        <p>
          Â£
          15
        </p>
      </div>
      <button>
        <FaSeedling />
      </button>
    </div>
  </Link>
</section>
`;
