// Jest Snapshot v1, https://goo.gl/fbAQLP

exports[`ViewPlant should match snapshot 1`] = `
<section
  className="view-plant"
>
  <div
    className="buttons-section"
  >
    <Link
      className="back-button"
      to="/allPlants"
    >
      Back
    </Link>
    <button>
      <FaSeedling />
    </button>
  </div>
  <section
    className="all-plant"
  >
    <img
      alt="Aloe"
      src="image link"
    />
    <div
      className="view-plant-info"
    >
      <h2>
        Aloe
      </h2>
      <h3>
        Â£
        15
      </h3>
      <p>
        Description: 
        green queen
      </p>
      <p>
        Care: 
        and sunshine
      </p>
    </div>
  </section>
</section>
`;
